// Jest Snapshot v1, https://goo.gl/fbAQLP

exports[`matches snapshot 1`] = `
<DocumentFragment>
  <div>
    <div>
      <form>
        <div>
          <label
            for="backgroundColor"
          >
            BackgroundColor:
          </label>
          <input
            id="backgroundColor"
            name="backgroundColor"
            placeholder="backgroundColor"
            type="text"
            value=""
          />
        </div>
        <div>
          <label
            for="width"
          >
            Width:
          </label>
          <input
            id="width"
            name="width"
            placeholder="width"
            type="Number"
            value=""
          />
        </div>
        <div>
          <label
            for="height"
          >
            Height:
          </label>
          <input
            id="height"
            name="height"
            placeholder="height"
            type="Number"
            value=""
          />
        </div>
        <button>
          Add
        </button>
      </form>
    </div>
  </div>
</DocumentFragment>
`;
